// Jest Snapshot v1, https://goo.gl/fbAQLP

exports[`Test one 1`] = `
<View
  style={
    Object {
      "height": 80,
      "width": "100%",
    }
  }
>
  <View
    style={
      Object {
        "alignItems": "center",
        "flex": 1,
        "flexDirection": "row",
        "marginLeft": "5%",
        "marginRight": "3%",
      }
    }
  >
    <Image
      source={
        Object {
          "testUri": "../../../assets/img/default-avatar.png",
        }
      }
      style={
        Object {
          "borderRadius": 30,
          "height": 60,
          "width": 60,
        }
      }
    />
    <View
      style={
        Object {
          "marginLeft": 10,
        }
      }
    >
      <Text
        style={
          Array [
            Object {
              "color": "black",
              "fontFamily": "Roboto-Regukar",
              "fontSize": 16,
              "fontStyle": "normal",
              "fontWeight": "normal",
            },
            Object {
              "textAlign": "left",
            },
          ]
        }
      >
        title
      </Text>
    </View>
  </View>
</View>
`;
