// Jest Snapshot v1, https://goo.gl/fbAQLP

exports[`Test click success with invalid email 1`] = `
Object {
  "onPress": [Function],
  "text": "[missing \\"en.invalid_email_text\\" translation]",
  "title": "[missing \\"en.invalid_email_title\\" translation]",
  "type": 0,
}
`;

exports[`Test view 1`] = `
<View
  style={
    Object {
      "alignItems": "center",
      "justifyContent": "center",
    }
  }
>
  <View
    style={
      Object {
        "borderBottomWidth": 1,
        "borderColor": "#CCCCCC",
        "marginTop": 20,
        "width": "85%",
      }
    }
  >
    <View
      style={
        Object {
          "alignContent": "center",
          "flexDirection": "row",
          "marginTop": 0,
        }
      }
    >
      <TextInput
        allowFontScaling={true}
        autoCompleteType="email"
        keyboardType="email-address"
        onChangeText={[Function]}
        placeholder="[missing \\"en.edit.email\\" translation]"
        placeholderTextColor="#BFBDBD"
        rejectResponderTermination={true}
        secureTextEntry={false}
        style={
          Array [
            Object {
              "color": "black",
              "fontFamily": "Roboto-Regular",
              "fontSize": 16,
              "fontStyle": "normal",
              "fontWeight": "normal",
            },
            Object {
              "width": "100%",
            },
          ]
        }
        textContentType="emailAddress"
        underlineColorAndroid="transparent"
        value=""
      />
    </View>
  </View>
</View>
`;
