// Jest Snapshot v1, https://goo.gl/fbAQLP

exports[`Test view with empty number 1`] = `
<View
  style={
    Object {
      "alignItems": "center",
      "justifyContent": "center",
    }
  }
>
  <View
    accessible={true}
    focusable={true}
    onClick={[Function]}
    onResponderGrant={[Function]}
    onResponderMove={[Function]}
    onResponderRelease={[Function]}
    onResponderTerminate={[Function]}
    onResponderTerminationRequest={[Function]}
    onStartShouldSetResponder={[Function]}
    style={
      Object {
        "borderBottomWidth": 1,
        "borderColor": "#CCCCCC",
        "marginTop": 20,
        "opacity": 1,
        "paddingBottom": 5,
        "width": "85%",
      }
    }
    testID="selectCountryBtn"
  >
    <Text
      style={
        Object {
          "color": "#888888",
          "fontFamily": "Roboto-Regular",
          "fontSize": 16,
          "fontStyle": "normal",
          "fontWeight": "normal",
        }
      }
    >
      [missing "en.edit.country_title" translation]
    </Text>
    <Text
      style={
        Array [
          Object {
            "color": "black",
            "fontFamily": "Roboto-Regular",
            "fontSize": 16,
            "fontStyle": "normal",
            "fontWeight": "normal",
          },
          Object {
            "marginTop": 6,
          },
        ]
      }
    >
      United States
    </Text>
  </View>
  <View
    style={
      Object {
        "borderBottomWidth": 1,
        "borderColor": "#CCCCCC",
        "marginTop": 20,
        "width": "85%",
      }
    }
  >
    <Text
      style={
        Object {
          "color": "#888888",
          "fontFamily": "Roboto-Regular",
          "fontSize": 16,
          "fontStyle": "normal",
          "fontWeight": "normal",
        }
      }
    >
      [missing "en.edit.phone_title" translation]
    </Text>
    <View
      style={
        Object {
          "alignContent": "center",
          "flexDirection": "row",
          "marginTop": 0,
        }
      }
    >
      <Text
        style={
          Array [
            Object {
              "color": "black",
              "fontFamily": "Roboto-Regular",
              "fontSize": 16,
              "fontStyle": "normal",
              "fontWeight": "normal",
            },
            Object {
              "alignSelf": "center",
            },
          ]
        }
      >
        +
      </Text>
      <TextInput
        allowFontScaling={true}
        autoCompleteType="tel"
        keyboardType="phone-pad"
        onChangeText={[Function]}
        placeholder=""
        placeholderTextColor="#BFBDBD"
        rejectResponderTermination={true}
        secureTextEntry={false}
        style={
          Array [
            Object {
              "color": "black",
              "fontFamily": "Roboto-Regular",
              "fontSize": 16,
              "fontStyle": "normal",
              "fontWeight": "normal",
            },
            Object {
              "width": "100%",
            },
          ]
        }
        textContentType="telephoneNumber"
        underlineColorAndroid="transparent"
        value="1"
      />
    </View>
  </View>
</View>
`;
