// Jest Snapshot v1, https://goo.gl/fbAQLP

exports[`Test view 1`] = `
<View
  style={
    Object {
      "alignItems": "center",
      "flex": 1,
      "marginTop": 15,
    }
  }
>
  <View
    style={
      Object {
        "alignItems": "center",
        "width": "95%",
      }
    }
  >
    <View
      style={
        Object {
          "alignItems": "center",
          "flexDirection": "row",
        }
      }
    >
      <Text
        style={
          Object {
            "color": "black",
            "fontFamily": "Roboto-Regular",
            "fontSize": 17,
            "fontStyle": "normal",
            "fontWeight": "normal",
          }
        }
      >
        $
      </Text>
      <TextInput
        allowFontScaling={true}
        autoFocus={true}
        keyboardType="decimal-pad"
        onChangeText={[Function]}
        placeholderTextColor="#BFBDBD"
        rejectResponderTermination={true}
        style={
          Array [
            Object {
              "color": "black",
              "fontFamily": "Roboto-Regular",
              "fontSize": 17,
              "fontStyle": "normal",
              "fontWeight": "normal",
            },
            Object {
              "marginBottom": 8,
              "marginTop": 8,
              "paddingBottom": 0,
              "paddingLeft": 0,
              "paddingRight": 0,
              "paddingTop": 0,
            },
          ]
        }
        textAlign="center"
        underlineColorAndroid="transparent"
        value=""
      />
      <Text
        style={
          Object {
            "color": "#888888",
            "fontFamily": "Roboto-Regular",
            "fontSize": 17,
            "fontStyle": "normal",
            "fontWeight": "normal",
          }
        }
      />
    </View>
    <View
      accessible={true}
      focusable={true}
      onClick={[Function]}
      onResponderGrant={[Function]}
      onResponderMove={[Function]}
      onResponderRelease={[Function]}
      onResponderTerminate={[Function]}
      onResponderTerminationRequest={[Function]}
      onStartShouldSetResponder={[Function]}
      style={
        Object {
          "height": 30,
          "opacity": 1,
          "position": "absolute",
          "right": 15,
          "top": 8,
          "width": 30,
        }
      }
    >
      <Image
        source={
          Object {
            "testUri": "../../../assets/img/change.png",
          }
        }
        style={
          Object {
            "height": 30,
            "width": 30,
          }
        }
      />
    </View>
    <View
      accessible={true}
      focusable={true}
      onClick={[Function]}
      onResponderGrant={[Function]}
      onResponderMove={[Function]}
      onResponderRelease={[Function]}
      onResponderTerminate={[Function]}
      onResponderTerminationRequest={[Function]}
      onStartShouldSetResponder={[Function]}
      style={
        Object {
          "height": 30,
          "left": 15,
          "opacity": 1,
          "position": "absolute",
          "top": 8,
          "width": 30,
        }
      }
    >
      <Image
        source={
          Object {
            "testUri": "../../../assets/img/max.png",
          }
        }
        style={
          Object {
            "height": 30,
            "width": 30,
          }
        }
      />
    </View>
    <View
      style={
        Array [
          Object {
            "borderBottomWidth": 1,
            "borderColor": "#DADADA",
          },
          Object {
            "width": "95%",
          },
        ]
      }
    />
    <View
      style={
        Object {
          "flexDirection": "row",
          "width": "95%",
        }
      }
    >
      <View
        style={
          Object {
            "alignItems": "flex-start",
            "width": "50%",
          }
        }
      />
      <View
        style={
          Object {
            "alignItems": "flex-end",
            "width": "50%",
          }
        }
      />
    </View>
  </View>
  <View
    style={
      Array [
        Object {
          "alignItems": "center",
          "backgroundColor": "white",
          "borderRadius": 10,
          "borderWidth": 1,
          "flexDirection": "row",
          "justifyContent": "center",
          "padding": 12,
          "position": "absolute",
          "width": "90%",
        },
        Object {
          "bottom": 60,
        },
        Object {
          "borderColor": "#2AB2E2",
        },
      ]
    }
  >
    <View
      style={
        Object {
          "alignItems": "flex-start",
          "width": "30%",
        }
      }
    >
      <Text
        style={
          Object {
            "color": "black",
            "fontFamily": "Roboto-Regular",
            "fontSize": 17,
            "fontStyle": "normal",
            "fontWeight": "normal",
          }
        }
      >
        [missing "en.your_balance_title" translation]
      </Text>
    </View>
    <View
      style={
        Object {
          "alignItems": "flex-end",
          "width": "70%",
        }
      }
    >
      <Text
        style={
          Object {
            "color": "black",
            "fontFamily": "Roboto-Regular",
            "fontSize": 17,
            "fontStyle": "normal",
            "fontWeight": "normal",
          }
        }
      >
        $1000 (100 DOT)
      </Text>
    </View>
  </View>
</View>
`;
