// Jest Snapshot v1, https://goo.gl/fbAQLP

exports[`Test view 1`] = `
<View
  style={
    Object {
      "alignItems": "center",
      "flex": 1,
      "paddingTop": 100,
    }
  }
>
  <Image
    source={
      Object {
        "testUri": "../../../assets/img/logo.png",
      }
    }
    style={
      Object {
        "height": 65,
        "marginBottom": 0,
        "marginTop": 80,
        "width": 65,
      }
    }
  />
  <View
    style={
      Object {
        "alignContent": "center",
        "marginTop": 20,
      }
    }
  >
    <Text
      style={
        Object {
          "alignSelf": "center",
          "color": "#888888",
          "fontFamily": "Roboto-Regular",
          "fontSize": 17,
          "marginBottom": 25,
        }
      }
    >
      Enter new passcode
    </Text>
    <View
      style={
        Object {
          "flexDirection": "row",
        }
      }
    >
      <View
        style={
          Object {
            "backgroundColor": "#BFBDBD",
            "borderRadius": 20,
            "height": 20,
            "marginLeft": 10,
            "marginRight": 10,
            "width": 20,
          }
        }
      />
      <View
        style={
          Object {
            "backgroundColor": "#BFBDBD",
            "borderRadius": 20,
            "height": 20,
            "marginLeft": 10,
            "marginRight": 10,
            "width": 20,
          }
        }
      />
      <View
        style={
          Object {
            "backgroundColor": "#BFBDBD",
            "borderRadius": 20,
            "height": 20,
            "marginLeft": 10,
            "marginRight": 10,
            "width": 20,
          }
        }
      />
      <View
        style={
          Object {
            "backgroundColor": "#BFBDBD",
            "borderRadius": 20,
            "height": 20,
            "marginLeft": 10,
            "marginRight": 10,
            "width": 20,
          }
        }
      />
      <View
        style={
          Object {
            "backgroundColor": "#BFBDBD",
            "borderRadius": 20,
            "height": 20,
            "marginLeft": 10,
            "marginRight": 10,
            "width": 20,
          }
        }
      />
      <View
        style={
          Object {
            "backgroundColor": "#BFBDBD",
            "borderRadius": 20,
            "height": 20,
            "marginLeft": 10,
            "marginRight": 10,
            "width": 20,
          }
        }
      />
    </View>
  </View>
  <View
    style={
      Object {
        "bottom": 0,
        "position": "absolute",
      }
    }
  >
    <View
      style={
        Object {
          "flexDirection": "row",
          "marginBottom": 10,
        }
      }
    >
      <View
        accessible={true}
        focusable={true}
        onClick={[Function]}
        onResponderGrant={[Function]}
        onResponderMove={[Function]}
        onResponderRelease={[Function]}
        onResponderTerminate={[Function]}
        onResponderTerminationRequest={[Function]}
        onStartShouldSetResponder={[Function]}
        style={
          Object {
            "alignItems": "center",
            "height": 80,
            "justifyContent": "center",
            "marginLeft": 10,
            "marginRight": 10,
            "opacity": 1,
            "width": 80,
          }
        }
      >
        <Text
          style={
            Object {
              "color": "#888888",
              "fontFamily": "Roboto-Regular",
              "fontSize": 25,
            }
          }
        >
          1
        </Text>
      </View>
      <View
        accessible={true}
        focusable={true}
        onClick={[Function]}
        onResponderGrant={[Function]}
        onResponderMove={[Function]}
        onResponderRelease={[Function]}
        onResponderTerminate={[Function]}
        onResponderTerminationRequest={[Function]}
        onStartShouldSetResponder={[Function]}
        style={
          Object {
            "alignItems": "center",
            "height": 80,
            "justifyContent": "center",
            "marginLeft": 10,
            "marginRight": 10,
            "opacity": 1,
            "width": 80,
          }
        }
      >
        <Text
          style={
            Object {
              "color": "#888888",
              "fontFamily": "Roboto-Regular",
              "fontSize": 25,
            }
          }
        >
          2
        </Text>
      </View>
      <View
        accessible={true}
        focusable={true}
        onClick={[Function]}
        onResponderGrant={[Function]}
        onResponderMove={[Function]}
        onResponderRelease={[Function]}
        onResponderTerminate={[Function]}
        onResponderTerminationRequest={[Function]}
        onStartShouldSetResponder={[Function]}
        style={
          Object {
            "alignItems": "center",
            "height": 80,
            "justifyContent": "center",
            "marginLeft": 10,
            "marginRight": 10,
            "opacity": 1,
            "width": 80,
          }
        }
      >
        <Text
          style={
            Object {
              "color": "#888888",
              "fontFamily": "Roboto-Regular",
              "fontSize": 25,
            }
          }
        >
          3
        </Text>
      </View>
    </View>
    <View
      style={
        Object {
          "flexDirection": "row",
          "marginBottom": 10,
        }
      }
    >
      <View
        accessible={true}
        focusable={true}
        onClick={[Function]}
        onResponderGrant={[Function]}
        onResponderMove={[Function]}
        onResponderRelease={[Function]}
        onResponderTerminate={[Function]}
        onResponderTerminationRequest={[Function]}
        onStartShouldSetResponder={[Function]}
        style={
          Object {
            "alignItems": "center",
            "height": 80,
            "justifyContent": "center",
            "marginLeft": 10,
            "marginRight": 10,
            "opacity": 1,
            "width": 80,
          }
        }
      >
        <Text
          style={
            Object {
              "color": "#888888",
              "fontFamily": "Roboto-Regular",
              "fontSize": 25,
            }
          }
        >
          4
        </Text>
      </View>
      <View
        accessible={true}
        focusable={true}
        onClick={[Function]}
        onResponderGrant={[Function]}
        onResponderMove={[Function]}
        onResponderRelease={[Function]}
        onResponderTerminate={[Function]}
        onResponderTerminationRequest={[Function]}
        onStartShouldSetResponder={[Function]}
        style={
          Object {
            "alignItems": "center",
            "height": 80,
            "justifyContent": "center",
            "marginLeft": 10,
            "marginRight": 10,
            "opacity": 1,
            "width": 80,
          }
        }
      >
        <Text
          style={
            Object {
              "color": "#888888",
              "fontFamily": "Roboto-Regular",
              "fontSize": 25,
            }
          }
        >
          5
        </Text>
      </View>
      <View
        accessible={true}
        focusable={true}
        onClick={[Function]}
        onResponderGrant={[Function]}
        onResponderMove={[Function]}
        onResponderRelease={[Function]}
        onResponderTerminate={[Function]}
        onResponderTerminationRequest={[Function]}
        onStartShouldSetResponder={[Function]}
        style={
          Object {
            "alignItems": "center",
            "height": 80,
            "justifyContent": "center",
            "marginLeft": 10,
            "marginRight": 10,
            "opacity": 1,
            "width": 80,
          }
        }
      >
        <Text
          style={
            Object {
              "color": "#888888",
              "fontFamily": "Roboto-Regular",
              "fontSize": 25,
            }
          }
        >
          6
        </Text>
      </View>
    </View>
    <View
      style={
        Object {
          "flexDirection": "row",
          "marginBottom": 10,
        }
      }
    >
      <View
        accessible={true}
        focusable={true}
        onClick={[Function]}
        onResponderGrant={[Function]}
        onResponderMove={[Function]}
        onResponderRelease={[Function]}
        onResponderTerminate={[Function]}
        onResponderTerminationRequest={[Function]}
        onStartShouldSetResponder={[Function]}
        style={
          Object {
            "alignItems": "center",
            "height": 80,
            "justifyContent": "center",
            "marginLeft": 10,
            "marginRight": 10,
            "opacity": 1,
            "width": 80,
          }
        }
      >
        <Text
          style={
            Object {
              "color": "#888888",
              "fontFamily": "Roboto-Regular",
              "fontSize": 25,
            }
          }
        >
          7
        </Text>
      </View>
      <View
        accessible={true}
        focusable={true}
        onClick={[Function]}
        onResponderGrant={[Function]}
        onResponderMove={[Function]}
        onResponderRelease={[Function]}
        onResponderTerminate={[Function]}
        onResponderTerminationRequest={[Function]}
        onStartShouldSetResponder={[Function]}
        style={
          Object {
            "alignItems": "center",
            "height": 80,
            "justifyContent": "center",
            "marginLeft": 10,
            "marginRight": 10,
            "opacity": 1,
            "width": 80,
          }
        }
      >
        <Text
          style={
            Object {
              "color": "#888888",
              "fontFamily": "Roboto-Regular",
              "fontSize": 25,
            }
          }
        >
          8
        </Text>
      </View>
      <View
        accessible={true}
        focusable={true}
        onClick={[Function]}
        onResponderGrant={[Function]}
        onResponderMove={[Function]}
        onResponderRelease={[Function]}
        onResponderTerminate={[Function]}
        onResponderTerminationRequest={[Function]}
        onStartShouldSetResponder={[Function]}
        style={
          Object {
            "alignItems": "center",
            "height": 80,
            "justifyContent": "center",
            "marginLeft": 10,
            "marginRight": 10,
            "opacity": 1,
            "width": 80,
          }
        }
      >
        <Text
          style={
            Object {
              "color": "#888888",
              "fontFamily": "Roboto-Regular",
              "fontSize": 25,
            }
          }
        >
          9
        </Text>
      </View>
    </View>
    <View
      style={
        Object {
          "flexDirection": "row",
          "marginBottom": 10,
        }
      }
    >
      <View
        accessible={true}
        focusable={true}
        onClick={[Function]}
        onResponderGrant={[Function]}
        onResponderMove={[Function]}
        onResponderRelease={[Function]}
        onResponderTerminate={[Function]}
        onResponderTerminationRequest={[Function]}
        onStartShouldSetResponder={[Function]}
        style={
          Object {
            "alignItems": "center",
            "height": 80,
            "justifyContent": "center",
            "marginLeft": 10,
            "marginRight": 10,
            "opacity": 1,
            "width": 80,
          }
        }
      >
        <Text
          style={
            Object {
              "color": "#888888",
              "fontFamily": "Roboto-Regular",
              "fontSize": 25,
            }
          }
        />
      </View>
      <View
        accessible={true}
        focusable={true}
        onClick={[Function]}
        onResponderGrant={[Function]}
        onResponderMove={[Function]}
        onResponderRelease={[Function]}
        onResponderTerminate={[Function]}
        onResponderTerminationRequest={[Function]}
        onStartShouldSetResponder={[Function]}
        style={
          Object {
            "alignItems": "center",
            "height": 80,
            "justifyContent": "center",
            "marginLeft": 10,
            "marginRight": 10,
            "opacity": 1,
            "width": 80,
          }
        }
      >
        <Text
          style={
            Object {
              "color": "#888888",
              "fontFamily": "Roboto-Regular",
              "fontSize": 25,
            }
          }
        >
          0
        </Text>
      </View>
      <View
        accessible={true}
        focusable={true}
        onClick={[Function]}
        onResponderGrant={[Function]}
        onResponderMove={[Function]}
        onResponderRelease={[Function]}
        onResponderTerminate={[Function]}
        onResponderTerminationRequest={[Function]}
        onStartShouldSetResponder={[Function]}
        style={
          Object {
            "alignItems": "center",
            "height": 80,
            "justifyContent": "center",
            "marginLeft": 10,
            "marginRight": 10,
            "opacity": 1,
            "width": 80,
          }
        }
      >
        <Image
          source={
            Object {
              "testUri": "../../../assets/img/backspace.png",
            }
          }
          style={
            Object {
              "height": 35,
              "width": 50,
            }
          }
        />
      </View>
    </View>
  </View>
</View>
`;
