// Jest Snapshot v1, https://goo.gl/fbAQLP

exports[`Test invalid passcode 1`] = `
Object {
  "icon": "warning",
  "message": "[missing \\"en.show_msg.passcode_not_equals\\" translation]",
  "type": "danger",
}
`;

exports[`Test view 1`] = `
<View>
  <View
    accessible={true}
    focusable={true}
    onClick={[Function]}
    onResponderGrant={[Function]}
    onResponderMove={[Function]}
    onResponderRelease={[Function]}
    onResponderTerminate={[Function]}
    onResponderTerminationRequest={[Function]}
    onStartShouldSetResponder={[Function]}
    testID="btnSubmit"
  >
    <Text>
      mock
    </Text>
  </View>
</View>
`;
