// Jest Snapshot v1, https://goo.gl/fbAQLP

exports[`Test view 1`] = `
<View
  style={
    Object {
      "alignItems": "center",
      "justifyContent": "center",
    }
  }
>
  <RCTScrollView
    data={
      Array [
        "AC",
        "AD",
        "AE",
        "AF",
        "AG",
        "AI",
        "AL",
        "AM",
        "AO",
        "AR",
        "AS",
        "AT",
        "AU",
        "AW",
        "AX",
        "AZ",
        "BA",
        "BB",
        "BD",
        "BE",
        "BF",
        "BG",
        "BH",
        "BI",
        "BJ",
        "BL",
        "BM",
        "BN",
        "BO",
        "BQ",
        "BR",
        "BS",
        "BT",
        "BW",
        "BY",
        "BZ",
        "CA",
        "CC",
        "CD",
        "CF",
        "CG",
        "CH",
        "CI",
        "CK",
        "CL",
        "CM",
        "CN",
        "CO",
        "CR",
        "CU",
        "CV",
        "CW",
        "CX",
        "CY",
        "CZ",
        "DE",
        "DJ",
        "DK",
        "DM",
        "DO",
        "DZ",
        "EC",
        "EE",
        "EG",
        "EH",
        "ER",
        "ES",
        "ET",
        "FI",
        "FJ",
        "FK",
        "FM",
        "FO",
        "FR",
        "GA",
        "GB",
        "GD",
        "GE",
        "GF",
        "GG",
        "GH",
        "GI",
        "GL",
        "GM",
        "GN",
        "GP",
        "GQ",
        "GR",
        "GT",
        "GU",
        "GW",
        "GY",
        "HK",
        "HN",
        "HR",
        "HT",
        "HU",
        "ID",
        "IE",
        "IL",
        "IM",
        "IN",
        "IO",
        "IQ",
        "IR",
        "IS",
        "IT",
        "JE",
        "JM",
        "JO",
        "JP",
        "KE",
        "KG",
        "KH",
        "KI",
        "KM",
        "KN",
        "KP",
        "KR",
        "KW",
        "KY",
        "KZ",
        "LA",
        "LB",
        "LC",
        "LI",
        "LK",
        "LR",
        "LS",
        "LT",
        "LU",
        "LV",
        "LY",
        "MA",
        "MC",
        "MD",
        "ME",
        "MF",
        "MG",
        "MH",
        "MK",
        "ML",
        "MM",
        "MN",
        "MO",
        "MP",
        "MQ",
        "MR",
        "MS",
        "MT",
        "MU",
        "MV",
        "MW",
        "MX",
        "MY",
        "MZ",
        "NA",
        "NC",
        "NE",
        "NF",
        "NG",
        "NI",
        "NL",
        "NO",
        "NP",
        "NR",
        "NU",
        "NZ",
        "OM",
        "PA",
        "PE",
        "PF",
        "PG",
        "PH",
        "PK",
        "PL",
        "PM",
        "PR",
        "PS",
        "PT",
        "PW",
        "PY",
        "QA",
        "RE",
        "RO",
        "RS",
        "RU",
        "RW",
        "SA",
        "SB",
        "SC",
        "SD",
        "SE",
        "SG",
        "SH",
        "SI",
        "SJ",
        "SK",
        "SL",
        "SM",
        "SN",
        "SO",
        "SR",
        "SS",
        "ST",
        "SV",
        "SX",
        "SY",
        "SZ",
        "TA",
        "TC",
        "TD",
        "TG",
        "TH",
        "TJ",
        "TK",
        "TL",
        "TM",
        "TN",
        "TO",
        "TR",
        "TT",
        "TV",
        "TW",
        "TZ",
        "UA",
        "UG",
        "US",
        "UY",
        "UZ",
        "VA",
        "VC",
        "VE",
        "VG",
        "VI",
        "VN",
        "VU",
        "WF",
        "WS",
        "XK",
        "YE",
        "YT",
        "ZA",
        "ZM",
        "ZW",
      ]
    }
    disableVirtualization={false}
    getItem={[Function]}
    getItemCount={[Function]}
    horizontal={false}
    initialNumToRender={10}
    keyExtractor={[Function]}
    maxToRenderPerBatch={10}
    onContentSizeChange={[Function]}
    onEndReachedThreshold={2}
    onLayout={[Function]}
    onMomentumScrollEnd={[Function]}
    onScroll={[Function]}
    onScrollBeginDrag={[Function]}
    onScrollEndDrag={[Function]}
    removeClippedSubviews={false}
    renderItem={[Function]}
    scrollEventThrottle={50}
    stickyHeaderIndices={Array []}
    style={
      Object {
        "width": "100%",
      }
    }
    updateCellsBatchingPeriod={50}
    viewabilityConfigCallbackPairs={Array []}
    windowSize={21}
  >
    <View>
      <View
        onLayout={[Function]}
        style={null}
      >
        <View
          accessible={true}
          focusable={true}
          onClick={[Function]}
          onResponderGrant={[Function]}
          onResponderMove={[Function]}
          onResponderRelease={[Function]}
          onResponderTerminate={[Function]}
          onResponderTerminationRequest={[Function]}
          onStartShouldSetResponder={[Function]}
          style={
            Object {
              "padding": 10,
              "paddingLeft": 20,
              "paddingRight": 20,
              "width": "100%",
            }
          }
        >
          <View
            style={
              Object {
                "flexDirection": "row",
              }
            }
          >
            <View
              style={
                Object {
                  "width": "50%",
                }
              }
            >
              <Text
                style={
                  Array [
                    Object {
                      "color": "black",
                      "fontFamily": "Roboto-Regular",
                      "fontSize": 17,
                      "fontStyle": "normal",
                      "fontWeight": "normal",
                    },
                  ]
                }
              >
                Ascension Island
              </Text>
            </View>
            <View
              style={
                Object {
                  "width": "50%",
                }
              }
            >
              <Text
                style={
                  Array [
                    Object {
                      "color": "black",
                      "fontFamily": "Roboto-Regular",
                      "fontSize": 17,
                      "fontStyle": "normal",
                      "fontWeight": "normal",
                    },
                    Object {
                      "alignSelf": "flex-end",
                      "color": "#2AB2E2",
                    },
                  ]
                }
              >
                +
                247
              </Text>
            </View>
          </View>
        </View>
      </View>
      <View
        onLayout={[Function]}
        style={null}
      >
        <View
          accessible={true}
          focusable={true}
          onClick={[Function]}
          onResponderGrant={[Function]}
          onResponderMove={[Function]}
          onResponderRelease={[Function]}
          onResponderTerminate={[Function]}
          onResponderTerminationRequest={[Function]}
          onStartShouldSetResponder={[Function]}
          style={
            Object {
              "padding": 10,
              "paddingLeft": 20,
              "paddingRight": 20,
              "width": "100%",
            }
          }
        >
          <View
            style={
              Object {
                "flexDirection": "row",
              }
            }
          >
            <View
              style={
                Object {
                  "width": "50%",
                }
              }
            >
              <Text
                style={
                  Array [
                    Object {
                      "color": "black",
                      "fontFamily": "Roboto-Regular",
                      "fontSize": 17,
                      "fontStyle": "normal",
                      "fontWeight": "normal",
                    },
                  ]
                }
              >
                Andorra
              </Text>
            </View>
            <View
              style={
                Object {
                  "width": "50%",
                }
              }
            >
              <Text
                style={
                  Array [
                    Object {
                      "color": "black",
                      "fontFamily": "Roboto-Regular",
                      "fontSize": 17,
                      "fontStyle": "normal",
                      "fontWeight": "normal",
                    },
                    Object {
                      "alignSelf": "flex-end",
                      "color": "#2AB2E2",
                    },
                  ]
                }
              >
                +
                376
              </Text>
            </View>
          </View>
        </View>
      </View>
      <View
        onLayout={[Function]}
        style={null}
      >
        <View
          accessible={true}
          focusable={true}
          onClick={[Function]}
          onResponderGrant={[Function]}
          onResponderMove={[Function]}
          onResponderRelease={[Function]}
          onResponderTerminate={[Function]}
          onResponderTerminationRequest={[Function]}
          onStartShouldSetResponder={[Function]}
          style={
            Object {
              "padding": 10,
              "paddingLeft": 20,
              "paddingRight": 20,
              "width": "100%",
            }
          }
        >
          <View
            style={
              Object {
                "flexDirection": "row",
              }
            }
          >
            <View
              style={
                Object {
                  "width": "50%",
                }
              }
            >
              <Text
                style={
                  Array [
                    Object {
                      "color": "black",
                      "fontFamily": "Roboto-Regular",
                      "fontSize": 17,
                      "fontStyle": "normal",
                      "fontWeight": "normal",
                    },
                  ]
                }
              >
                United Arab Emirates
              </Text>
            </View>
            <View
              style={
                Object {
                  "width": "50%",
                }
              }
            >
              <Text
                style={
                  Array [
                    Object {
                      "color": "black",
                      "fontFamily": "Roboto-Regular",
                      "fontSize": 17,
                      "fontStyle": "normal",
                      "fontWeight": "normal",
                    },
                    Object {
                      "alignSelf": "flex-end",
                      "color": "#2AB2E2",
                    },
                  ]
                }
              >
                +
                971
              </Text>
            </View>
          </View>
        </View>
      </View>
      <View
        onLayout={[Function]}
        style={null}
      >
        <View
          accessible={true}
          focusable={true}
          onClick={[Function]}
          onResponderGrant={[Function]}
          onResponderMove={[Function]}
          onResponderRelease={[Function]}
          onResponderTerminate={[Function]}
          onResponderTerminationRequest={[Function]}
          onStartShouldSetResponder={[Function]}
          style={
            Object {
              "padding": 10,
              "paddingLeft": 20,
              "paddingRight": 20,
              "width": "100%",
            }
          }
        >
          <View
            style={
              Object {
                "flexDirection": "row",
              }
            }
          >
            <View
              style={
                Object {
                  "width": "50%",
                }
              }
            >
              <Text
                style={
                  Array [
                    Object {
                      "color": "black",
                      "fontFamily": "Roboto-Regular",
                      "fontSize": 17,
                      "fontStyle": "normal",
                      "fontWeight": "normal",
                    },
                  ]
                }
              >
                Afghanistan
              </Text>
            </View>
            <View
              style={
                Object {
                  "width": "50%",
                }
              }
            >
              <Text
                style={
                  Array [
                    Object {
                      "color": "black",
                      "fontFamily": "Roboto-Regular",
                      "fontSize": 17,
                      "fontStyle": "normal",
                      "fontWeight": "normal",
                    },
                    Object {
                      "alignSelf": "flex-end",
                      "color": "#2AB2E2",
                    },
                  ]
                }
              >
                +
                93
              </Text>
            </View>
          </View>
        </View>
      </View>
      <View
        onLayout={[Function]}
        style={null}
      >
        <View
          accessible={true}
          focusable={true}
          onClick={[Function]}
          onResponderGrant={[Function]}
          onResponderMove={[Function]}
          onResponderRelease={[Function]}
          onResponderTerminate={[Function]}
          onResponderTerminationRequest={[Function]}
          onStartShouldSetResponder={[Function]}
          style={
            Object {
              "padding": 10,
              "paddingLeft": 20,
              "paddingRight": 20,
              "width": "100%",
            }
          }
        >
          <View
            style={
              Object {
                "flexDirection": "row",
              }
            }
          >
            <View
              style={
                Object {
                  "width": "50%",
                }
              }
            >
              <Text
                style={
                  Array [
                    Object {
                      "color": "black",
                      "fontFamily": "Roboto-Regular",
                      "fontSize": 17,
                      "fontStyle": "normal",
                      "fontWeight": "normal",
                    },
                  ]
                }
              >
                Antigua and Barbuda
              </Text>
            </View>
            <View
              style={
                Object {
                  "width": "50%",
                }
              }
            >
              <Text
                style={
                  Array [
                    Object {
                      "color": "black",
                      "fontFamily": "Roboto-Regular",
                      "fontSize": 17,
                      "fontStyle": "normal",
                      "fontWeight": "normal",
                    },
                    Object {
                      "alignSelf": "flex-end",
                      "color": "#2AB2E2",
                    },
                  ]
                }
              >
                +
                1
              </Text>
            </View>
          </View>
        </View>
      </View>
      <View
        onLayout={[Function]}
        style={null}
      >
        <View
          accessible={true}
          focusable={true}
          onClick={[Function]}
          onResponderGrant={[Function]}
          onResponderMove={[Function]}
          onResponderRelease={[Function]}
          onResponderTerminate={[Function]}
          onResponderTerminationRequest={[Function]}
          onStartShouldSetResponder={[Function]}
          style={
            Object {
              "padding": 10,
              "paddingLeft": 20,
              "paddingRight": 20,
              "width": "100%",
            }
          }
        >
          <View
            style={
              Object {
                "flexDirection": "row",
              }
            }
          >
            <View
              style={
                Object {
                  "width": "50%",
                }
              }
            >
              <Text
                style={
                  Array [
                    Object {
                      "color": "black",
                      "fontFamily": "Roboto-Regular",
                      "fontSize": 17,
                      "fontStyle": "normal",
                      "fontWeight": "normal",
                    },
                  ]
                }
              >
                Anguilla
              </Text>
            </View>
            <View
              style={
                Object {
                  "width": "50%",
                }
              }
            >
              <Text
                style={
                  Array [
                    Object {
                      "color": "black",
                      "fontFamily": "Roboto-Regular",
                      "fontSize": 17,
                      "fontStyle": "normal",
                      "fontWeight": "normal",
                    },
                    Object {
                      "alignSelf": "flex-end",
                      "color": "#2AB2E2",
                    },
                  ]
                }
              >
                +
                1
              </Text>
            </View>
          </View>
        </View>
      </View>
      <View
        onLayout={[Function]}
        style={null}
      >
        <View
          accessible={true}
          focusable={true}
          onClick={[Function]}
          onResponderGrant={[Function]}
          onResponderMove={[Function]}
          onResponderRelease={[Function]}
          onResponderTerminate={[Function]}
          onResponderTerminationRequest={[Function]}
          onStartShouldSetResponder={[Function]}
          style={
            Object {
              "padding": 10,
              "paddingLeft": 20,
              "paddingRight": 20,
              "width": "100%",
            }
          }
        >
          <View
            style={
              Object {
                "flexDirection": "row",
              }
            }
          >
            <View
              style={
                Object {
                  "width": "50%",
                }
              }
            >
              <Text
                style={
                  Array [
                    Object {
                      "color": "black",
                      "fontFamily": "Roboto-Regular",
                      "fontSize": 17,
                      "fontStyle": "normal",
                      "fontWeight": "normal",
                    },
                  ]
                }
              >
                Albania
              </Text>
            </View>
            <View
              style={
                Object {
                  "width": "50%",
                }
              }
            >
              <Text
                style={
                  Array [
                    Object {
                      "color": "black",
                      "fontFamily": "Roboto-Regular",
                      "fontSize": 17,
                      "fontStyle": "normal",
                      "fontWeight": "normal",
                    },
                    Object {
                      "alignSelf": "flex-end",
                      "color": "#2AB2E2",
                    },
                  ]
                }
              >
                +
                355
              </Text>
            </View>
          </View>
        </View>
      </View>
      <View
        onLayout={[Function]}
        style={null}
      >
        <View
          accessible={true}
          focusable={true}
          onClick={[Function]}
          onResponderGrant={[Function]}
          onResponderMove={[Function]}
          onResponderRelease={[Function]}
          onResponderTerminate={[Function]}
          onResponderTerminationRequest={[Function]}
          onStartShouldSetResponder={[Function]}
          style={
            Object {
              "padding": 10,
              "paddingLeft": 20,
              "paddingRight": 20,
              "width": "100%",
            }
          }
        >
          <View
            style={
              Object {
                "flexDirection": "row",
              }
            }
          >
            <View
              style={
                Object {
                  "width": "50%",
                }
              }
            >
              <Text
                style={
                  Array [
                    Object {
                      "color": "black",
                      "fontFamily": "Roboto-Regular",
                      "fontSize": 17,
                      "fontStyle": "normal",
                      "fontWeight": "normal",
                    },
                  ]
                }
              >
                Armenia
              </Text>
            </View>
            <View
              style={
                Object {
                  "width": "50%",
                }
              }
            >
              <Text
                style={
                  Array [
                    Object {
                      "color": "black",
                      "fontFamily": "Roboto-Regular",
                      "fontSize": 17,
                      "fontStyle": "normal",
                      "fontWeight": "normal",
                    },
                    Object {
                      "alignSelf": "flex-end",
                      "color": "#2AB2E2",
                    },
                  ]
                }
              >
                +
                374
              </Text>
            </View>
          </View>
        </View>
      </View>
      <View
        onLayout={[Function]}
        style={null}
      >
        <View
          accessible={true}
          focusable={true}
          onClick={[Function]}
          onResponderGrant={[Function]}
          onResponderMove={[Function]}
          onResponderRelease={[Function]}
          onResponderTerminate={[Function]}
          onResponderTerminationRequest={[Function]}
          onStartShouldSetResponder={[Function]}
          style={
            Object {
              "padding": 10,
              "paddingLeft": 20,
              "paddingRight": 20,
              "width": "100%",
            }
          }
        >
          <View
            style={
              Object {
                "flexDirection": "row",
              }
            }
          >
            <View
              style={
                Object {
                  "width": "50%",
                }
              }
            >
              <Text
                style={
                  Array [
                    Object {
                      "color": "black",
                      "fontFamily": "Roboto-Regular",
                      "fontSize": 17,
                      "fontStyle": "normal",
                      "fontWeight": "normal",
                    },
                  ]
                }
              >
                Angola
              </Text>
            </View>
            <View
              style={
                Object {
                  "width": "50%",
                }
              }
            >
              <Text
                style={
                  Array [
                    Object {
                      "color": "black",
                      "fontFamily": "Roboto-Regular",
                      "fontSize": 17,
                      "fontStyle": "normal",
                      "fontWeight": "normal",
                    },
                    Object {
                      "alignSelf": "flex-end",
                      "color": "#2AB2E2",
                    },
                  ]
                }
              >
                +
                244
              </Text>
            </View>
          </View>
        </View>
      </View>
      <View
        onLayout={[Function]}
        style={null}
      >
        <View
          accessible={true}
          focusable={true}
          onClick={[Function]}
          onResponderGrant={[Function]}
          onResponderMove={[Function]}
          onResponderRelease={[Function]}
          onResponderTerminate={[Function]}
          onResponderTerminationRequest={[Function]}
          onStartShouldSetResponder={[Function]}
          style={
            Object {
              "padding": 10,
              "paddingLeft": 20,
              "paddingRight": 20,
              "width": "100%",
            }
          }
        >
          <View
            style={
              Object {
                "flexDirection": "row",
              }
            }
          >
            <View
              style={
                Object {
                  "width": "50%",
                }
              }
            >
              <Text
                style={
                  Array [
                    Object {
                      "color": "black",
                      "fontFamily": "Roboto-Regular",
                      "fontSize": 17,
                      "fontStyle": "normal",
                      "fontWeight": "normal",
                    },
                  ]
                }
              >
                Argentina
              </Text>
            </View>
            <View
              style={
                Object {
                  "width": "50%",
                }
              }
            >
              <Text
                style={
                  Array [
                    Object {
                      "color": "black",
                      "fontFamily": "Roboto-Regular",
                      "fontSize": 17,
                      "fontStyle": "normal",
                      "fontWeight": "normal",
                    },
                    Object {
                      "alignSelf": "flex-end",
                      "color": "#2AB2E2",
                    },
                  ]
                }
              >
                +
                54
              </Text>
            </View>
          </View>
        </View>
      </View>
      <View
        style={
          Object {
            "height": 0,
          }
        }
      />
    </View>
  </RCTScrollView>
</View>
`;
