// Jest Snapshot v1, https://goo.gl/fbAQLP

exports[`Test view 1`] = `
<View>
  <View
    accessible={true}
    focusable={true}
    onClick={[Function]}
    onResponderGrant={[Function]}
    onResponderMove={[Function]}
    onResponderRelease={[Function]}
    onResponderTerminate={[Function]}
    onResponderTerminationRequest={[Function]}
    onStartShouldSetResponder={[Function]}
    testID="btnSubmit"
  >
    <Text>
      mock
    </Text>
  </View>
</View>
`;
